[preview.colorlib.com/theme/daren/index.html]
[backblue.gif]
[fade.gif]
[index.html]
[preview.colorlib.com/theme/daren/img/favicon.png]
[preview.colorlib.com/theme/daren/css/bootstrap.min.css]
[preview.colorlib.com/theme/daren/css/animate.css]
[preview.colorlib.com/theme/daren/css/owl.carousel.min.css]
[preview.colorlib.com/theme/daren/css/themify-icons.css]
[preview.colorlib.com/theme/daren/css/liner_icon.css]
[preview.colorlib.com/theme/daren/css/search.css]
[preview.colorlib.com/theme/daren/css/style.css]
[preview.colorlib.com/theme/daren/index-2.html]
[preview.colorlib.com/theme/daren/img/logo.png]
[preview.colorlib.com/theme/daren/archive.html]
[preview.colorlib.com/theme/daren/category.html]
[preview.colorlib.com/theme/daren/contact.html]
[preview.colorlib.com/theme/daren/single-blog.html]
[preview.colorlib.com/theme/daren/elements.html]
[preview.colorlib.com/theme/daren/img/feature_post/feature_post_1.png]
[preview.colorlib.com/theme/daren/img/feature_post/feature_post_2.png]
[preview.colorlib.com/theme/daren/img/feature_post/feature_post_3.png]
[preview.colorlib.com/theme/daren/img/feature_post/feature_post_4.png]
[preview.colorlib.com/theme/daren/img/feature_post/feature_post_5.png]
[preview.colorlib.com/theme/daren/img/feature_post/feature_post_6.png]
[preview.colorlib.com/theme/daren/img/post/post_11.png]
[preview.colorlib.com/theme/daren/img/post/post_12.png]
[preview.colorlib.com/theme/daren/img/post/post_13.png]
[preview.colorlib.com/theme/daren/img/post/post_14.png]
[preview.colorlib.com/theme/daren/img/post/post_15.png]
[preview.colorlib.com/theme/daren/img/sidebar/sidebar_1.png]
[preview.colorlib.com/theme/daren/img/sidebar/sidebar_2.png]
[preview.colorlib.com/theme/daren/img/sidebar/sidebar_3.png]
[preview.colorlib.com/theme/daren/js/jquery-1.12.1.min.js]
[preview.colorlib.com/theme/daren/js/popper.min.js]
[preview.colorlib.com/theme/daren/js/bootstrap.min.js]
[preview.colorlib.com/theme/daren/js/custom.js]
[preview.colorlib.com/theme/daren/index.html]
[preview.colorlib.com/theme/daren/css/bootstrap.min.css]
[preview.colorlib.com/theme/daren/css/animate.css]
[preview.colorlib.com/theme/daren/css/owl.carousel.min.css]
[preview.colorlib.com/theme/daren/fonts/themify9f24.eot]
[preview.colorlib.com/theme/daren/fonts/themifyd41d.eot]
[preview.colorlib.com/theme/daren/fonts/themify9f24.woff]
[preview.colorlib.com/theme/daren/fonts/themify9f24.ttf]
[preview.colorlib.com/theme/daren/css/themify-icons.css]
[preview.colorlib.com/theme/daren/fonts/themify9f24.svg]
[preview.colorlib.com/theme/daren/fonts/Linearicons-Free54e9.eot]
[preview.colorlib.com/theme/daren/fonts/Linearicons-Freed41d.eot]
[preview.colorlib.com/theme/daren/fonts/Linearicons-Free54e9.woff2]
[preview.colorlib.com/theme/daren/fonts/Linearicons-Free54e9.woff]
[preview.colorlib.com/theme/daren/fonts/Linearicons-Free54e9.ttf]
[preview.colorlib.com/theme/daren/css/liner_icon.css]
[preview.colorlib.com/theme/daren/css/search.css]
[preview.colorlib.com/theme/daren/fonts/Linearicons-Free54e9.svg]
[preview.colorlib.com/theme/daren/img/icon/long-arrow-pointing-to-the-right.svg]
[preview.colorlib.com/theme/daren/img/banner_blog/banner_blog_1.png]
[preview.colorlib.com/theme/daren/img/banner_blog/banner_blog_2.png]
[preview.colorlib.com/theme/daren/img/elements/primary-check.png]
[preview.colorlib.com/theme/daren/img/elements/success-check.png]
[preview.colorlib.com/theme/daren/img/elements/disabled-check.png]
[preview.colorlib.com/theme/daren/img/elements/primary-radio.png]
[preview.colorlib.com/theme/daren/img/elements/success-radio.png]
[preview.colorlib.com/theme/daren/img/elements/disabled-radio.png]
[preview.colorlib.com/theme/daren/css/style.css]
[preview.colorlib.com/cdn-cgi/zaraz/sd0d9.js]
[preview.colorlib.com/theme/daren/index-2.html]
[preview.colorlib.com/theme/daren/img/post/post_17.png]
[preview.colorlib.com/theme/daren/img/post/post_16.png]
[preview.colorlib.com/theme/daren/archive.html]
[preview.colorlib.com/theme/daren/category.html]
[preview.colorlib.com/cdn-cgi/scripts/5c5dd728/cloudflare-static/email-decode.min.js]
[preview.colorlib.com/theme/daren/js/contact.js]
[preview.colorlib.com/theme/daren/js/jquery.ajaxchimp.min.js]
[preview.colorlib.com/theme/daren/js/jquery.validate.min.js]
[preview.colorlib.com/theme/daren/js/jquery.form.js]
[preview.colorlib.com/theme/daren/js/mail-script.js]
[preview.colorlib.com/theme/daren/contact.html]
[preview.colorlib.com/theme/daren/img/blog/single_blog_1.png]
[preview.colorlib.com/theme/daren/img/post/preview.png]
[preview.colorlib.com/theme/daren/img/post/next.png]
[preview.colorlib.com/theme/daren/img/blog/author.png]
[preview.colorlib.com/theme/daren/img/comment/comment_1.png]
[preview.colorlib.com/theme/daren/img/comment/comment_2.png]
[preview.colorlib.com/theme/daren/img/comment/comment_3.png]
[preview.colorlib.com/theme/daren/single-blog.html]
[preview.colorlib.com/theme/daren/css/nice-select.css]
[preview.colorlib.com/theme/daren/img/elements/d.jpg]
[preview.colorlib.com/theme/daren/img/elements/f1.jpg]
[preview.colorlib.com/theme/daren/img/elements/f2.jpg]
[preview.colorlib.com/theme/daren/img/elements/f3.jpg]
[preview.colorlib.com/theme/daren/img/elements/f4.jpg]
[preview.colorlib.com/theme/daren/img/elements/f5.jpg]
[preview.colorlib.com/theme/daren/img/elements/f6.jpg]
[preview.colorlib.com/theme/daren/img/elements/f7.jpg]
[preview.colorlib.com/theme/daren/img/elements/f8.jpg]
[preview.colorlib.com/theme/daren/img/elements/g1.jpg]
[preview.colorlib.com/theme/daren/img/elements/g2.jpg]
[preview.colorlib.com/theme/daren/img/elements/g3.jpg]
[preview.colorlib.com/theme/daren/img/elements/g4.jpg]
[preview.colorlib.com/theme/daren/img/elements/g5.jpg]
[preview.colorlib.com/theme/daren/img/elements/g6.jpg]
[preview.colorlib.com/theme/daren/img/elements/g7.jpg]
[preview.colorlib.com/theme/daren/img/elements/g8.jpg]
[preview.colorlib.com/theme/daren/js/jquery.nice-select.min.js]
[preview.colorlib.com/theme/daren/elements.html]
[preview.colorlib.com/theme/daren/fonts/themify9f24.svg]
[preview.colorlib.com/theme/daren/fonts/Linearicons-Free54e9.svg]
[preview.colorlib.com/theme/daren/img/icon/long-arrow-pointing-to-the-right.svg]
[preview.colorlib.com/theme/daren/css/slick.css]
[preview.colorlib.com/theme/daren/css/nice-select.css]
